../Src/main.c:64:5:main	8	static
../Src/main.c:87:6:enable_processor_faults	16	static
../Src/main.c:96:29:schd_sp_init	0	static,ignoring_inline_asm
../Src/main.c:102:6:systick_init	32	static
../Src/main.c:128:6:tasks_dummy_context_init	24	static
../Src/main.c:152:6:save_psp_value_to_global_var	16	static
../Src/main.c:157:6:update_next_task	4	static
../Src/main.c:163:29:SysTick_Handler	0	static,ignoring_inline_asm
../Src/main.c:189:6:task1_handler	8	static
../Src/main.c:199:6:task2_handler	8	static
../Src/main.c:209:6:task3_handler	8	static
../Src/main.c:219:6:task4_handler	8	static
../Src/main.c:229:6:HardFault_Handler	8	static
../Src/main.c:234:6:MemManage_Handler	8	static
../Src/main.c:239:6:BusFault_Handler	8	static
../Src/main.c:244:6:UsageFault_Handler	8	static
../Src/main.c:249:10:get_psp_value_into_r0	4	static
../Src/main.c:254:29:switch_sp_to_psp	0	static,ignoring_inline_asm
