../Src/main.c:74:5:main	8	static
../Src/main.c:93:6:enable_processor_faults	16	static
../Src/main.c:102:29:schd_sp_init	0	static,ignoring_inline_asm
../Src/main.c:108:6:systick_init	32	static
../Src/main.c:134:6:user_tasks_init	16	static
../Src/main.c:143:6:tasks_dummy_context_init	24	static
../Src/main.c:167:6:save_psp_value_to_TCB	16	static
../Src/main.c:172:6:update_next_task	4	static
../Src/main.c:178:29:SysTick_Handler	0	static,ignoring_inline_asm
../Src/main.c:204:6:task1_handler	8	static
../Src/main.c:214:6:task2_handler	8	static
../Src/main.c:224:6:task3_handler	8	static
../Src/main.c:234:6:task4_handler	8	static
../Src/main.c:244:6:HardFault_Handler	8	static
../Src/main.c:249:6:MemManage_Handler	8	static
../Src/main.c:254:6:BusFault_Handler	8	static
../Src/main.c:259:6:UsageFault_Handler	8	static
../Src/main.c:264:10:get_psp_value_into_r0	4	static
../Src/main.c:269:29:switch_sp_to_psp	0	static,ignoring_inline_asm
